../Core/Src/main.c:130:5:__io_putchar	16	static
../Core/Src/main.c:162:5:main	312	static
../Core/Src/main.c:311:6:SystemClock_Config	88	static
../Core/Src/main.c:358:13:MX_ADC1_Init	24	static
../Core/Src/main.c:410:13:MX_I2C2_Init	8	static
../Core/Src/main.c:444:13:MX_USART3_UART_Init	8	static
../Core/Src/main.c:477:13:MX_USB_OTG_FS_PCD_Init	8	static
../Core/Src/main.c:512:13:MX_GPIO_Init	56	static
../Core/Src/main.c:588:6:StartDefaultTask	16	static
../Core/Src/main.c:606:6:SensorTask	16	static
../Core/Src/main.c:649:6:ProcessTask	88	static
../Core/Src/main.c:699:6:ControlTask	80	static
../Core/Src/main.c:740:6:CommunicationTask	152	static
../Core/Src/main.c:779:6:CompensationTask	80	static
../Core/Src/main.c:805:6:lcd	208	static
../Core/Src/main.c:854:6:HAL_TIM_PeriodElapsedCallback	16	static
../Core/Src/main.c:872:6:Error_Handler	4	static
