../Core/Src/main.c:113:5:__io_putchar	1
../Core/Src/main.c:134:5:main	1
../Core/Src/main.c:255:6:SystemClock_Config	3
../Core/Src/main.c:302:13:MX_ADC1_Init	3
../Core/Src/main.c:354:13:MX_USART3_UART_Init	2
../Core/Src/main.c:387:13:MX_USB_OTG_FS_PCD_Init	2
../Core/Src/main.c:422:13:MX_GPIO_Init	1
../Core/Src/main.c:497:6:StartDefaultTask	1
../Core/Src/main.c:515:6:SensorTask	2
../Core/Src/main.c:570:6:ProcessTask	4
../Core/Src/main.c:613:6:ControlTask	2
../Core/Src/main.c:646:6:CommunicationTask	3
../Core/Src/main.c:688:6:CompensationTask	2
../Core/Src/main.c:714:6:HAL_TIM_PeriodElapsedCallback	2
../Core/Src/main.c:732:6:Error_Handler	1
