../Core/Src/main.c:144:5:__io_putchar	16	static
../Core/Src/main.c:192:5:main	352	static
../Core/Src/main.c:353:6:SystemClock_Config	88	static
../Core/Src/main.c:400:13:MX_ADC1_Init	24	static
../Core/Src/main.c:452:13:MX_I2C2_Init	8	static
../Core/Src/main.c:486:13:MX_USART2_UART_Init	8	static
../Core/Src/main.c:519:13:MX_USART3_UART_Init	8	static
../Core/Src/main.c:552:13:MX_USB_OTG_FS_PCD_Init	8	static
../Core/Src/main.c:585:13:MX_DMA_Init	16	static
../Core/Src/main.c:603:13:MX_GPIO_Init	56	static
../Core/Src/main.c:689:6:StartDefaultTask	16	static
../Core/Src/main.c:707:6:SensorTask	16	static
../Core/Src/main.c:764:6:ProcessTask	104	static
../Core/Src/main.c:864:6:ControlTask	80	static
../Core/Src/main.c:907:6:CommunicationTask	128	static
../Core/Src/main.c:961:6:CompensationTask	88	static
../Core/Src/main.c:996:6:lcd	160	static
../Core/Src/main.c:1063:6:GSM	80	static
../Core/Src/main.c:1108:6:HAL_TIM_PeriodElapsedCallback	16	static
../Core/Src/main.c:1126:6:Error_Handler	4	static
