../Core/Src/main.c:113:5:__io_putchar	1
../Core/Src/main.c:134:5:main	1
../Core/Src/main.c:261:6:SystemClock_Config	3
../Core/Src/main.c:308:13:MX_ADC1_Init	3
../Core/Src/main.c:360:13:MX_USART3_UART_Init	2
../Core/Src/main.c:393:13:MX_USB_OTG_FS_PCD_Init	2
../Core/Src/main.c:428:13:MX_GPIO_Init	1
../Core/Src/main.c:503:6:StartDefaultTask	1
../Core/Src/main.c:521:6:SensorTask	5
../Core/Src/main.c:584:6:ProcessTask	4
../Core/Src/main.c:627:6:ControlTask	2
../Core/Src/main.c:660:6:CommunicationTask	3
../Core/Src/main.c:702:6:CompensationTask	2
../Core/Src/main.c:728:6:HAL_TIM_PeriodElapsedCallback	2
../Core/Src/main.c:746:6:Error_Handler	1
